// Jest Snapshot v1, https://goo.gl/fbAQLP

exports[`takeActionFromCliArgs should take action based on the arguments 1`] = `[]`;

exports[`takeActionFromCliArgs should take the same action every time '--help --version': logs 1`] = `[]`;

exports[`takeActionFromCliArgs should take the same action every time '--help --version': programOptions 1`] = `
OptionsClass {
  "allOptions": [
    0,
    1,
  ],
  "options": {
    "0": true,
    "1": true,
  },
  "printHelpAndExit": true,
  "printVersionAndExit": true,
}
`;

exports[`takeActionFromCliArgs should take the same action every time '--help': logs 1`] = `[]`;

exports[`takeActionFromCliArgs should take the same action every time '--help': programOptions 1`] = `
OptionsClass {
  "allOptions": [
    0,
    1,
  ],
  "options": {
    "0": true,
    "1": true,
  },
  "printHelpAndExit": true,
  "printVersionAndExit": true,
}
`;

exports[`takeActionFromCliArgs should take the same action every time '--version --help': logs 1`] = `[]`;

exports[`takeActionFromCliArgs should take the same action every time '--version --help': programOptions 1`] = `
OptionsClass {
  "allOptions": [
    0,
    1,
  ],
  "options": {
    "0": true,
    "1": true,
  },
  "printHelpAndExit": true,
  "printVersionAndExit": true,
}
`;

exports[`takeActionFromCliArgs should take the same action every time '--version': logs 1`] = `[]`;

exports[`takeActionFromCliArgs should take the same action every time '--version': programOptions 1`] = `
OptionsClass {
  "allOptions": [
    0,
    1,
  ],
  "options": {
    "0": true,
    "1": true,
  },
  "printHelpAndExit": true,
  "printVersionAndExit": true,
}
`;

exports[`takeActionFromCliArgs should take the same action every time '--version=false --help=true --version --help': logs 1`] = `
[
  {
    "level": 2,
    "message": "Ignoring default value for argument:  version",
  },
]
`;

exports[`takeActionFromCliArgs should take the same action every time '--version=false --help=true --version --help': programOptions 1`] = `
OptionsClass {
  "allOptions": [
    0,
    1,
  ],
  "options": {
    "0": true,
    "1": true,
  },
  "printHelpAndExit": true,
  "printVersionAndExit": true,
}
`;

exports[`takeActionFromCliArgs should take the same action every time '--version=false --help=true': logs 1`] = `
[
  {
    "level": 2,
    "message": "Ignoring default value for argument:  version",
  },
]
`;

exports[`takeActionFromCliArgs should take the same action every time '--version=false --help=true': programOptions 1`] = `
OptionsClass {
  "allOptions": [
    0,
    1,
  ],
  "options": {
    "0": true,
    "1": true,
  },
  "printHelpAndExit": true,
  "printVersionAndExit": true,
}
`;

exports[`takeActionFromCliArgs should take the same action every time '-hv': logs 1`] = `[]`;

exports[`takeActionFromCliArgs should take the same action every time '-hv': programOptions 1`] = `
OptionsClass {
  "allOptions": [
    0,
    1,
  ],
  "options": {
    "0": true,
    "1": true,
  },
  "printHelpAndExit": true,
  "printVersionAndExit": true,
}
`;
